execve("portfolio_audit/bin/t14_exit_status", ["portfolio_audit/bin/t14_exit_status"], 0x7fff7231b560) = 0x0
brk(0x0) = 0x58977e7de000
mmap(0x0, 0x2000, 0x3, 0x22, -1, 0x0) = 0x7db25b87b000
access("/etc/ld.so.preload", 4) = -1 No such file or directory
openat(-100, "/etc/ld.so.cache", 0x80000, 0) = 0x3
newfstat(3, 0x7fff5ab6e230) = 0x0
mmap(0x0, 0x13fb7, 0x1, 0x2, 3, 0x0) = 0x7db25b867000
close(3) = 0x0
openat(-100, "/usr/lib/x86_64-linux-gnu/libc.so.6", 0x80000, 0) = 0x3
read(3, "\0\0\0\0\0\0\0\0\0\0\0\0\0\0\0\0\0\0\0\0\0\0\0\0\0\0\0\0\0\0\0"..., 832) = 0x340
pread64(3, "\0\0\0\0\0\0\0\0\0\0\0\0\0\0\0\0\0\0\0\0\0\0\0\0\0\0\0\0\0\0\0"..., 840, 64) = 0x348
newfstat(3, 0x7fff5ab6e2d0) = 0x0
pread64(3, "\0\0\0\0\0\0\0\0\0\0\0\0\0\0\0\0\0\0\0\0\0\0\0\0\0\0\0\0\0\0\0"..., 840, 64) = 0x348
mmap(0x0, 0x220d90, 0x1, 0x802, 3, 0x0) = 0x7db25b600000
mmap(0x7db25b628000, 0x198000, 0x5, 0x812, 3, 0x28000) = 0x7db25b628000
mmap(0x7db25b7c0000, 0x4e000, 0x1, 0x812, 3, 0x1c0000) = 0x7db25b7c0000
mmap(0x7db25b80e000, 0x6000, 0x3, 0x812, 3, 0x20d000) = 0x7db25b80e000
mmap(0x7db25b814000, 0xcd90, 0x3, 0x32, -1, 0x0) = 0x7db25b814000
close(3) = 0x0
mmap(0x0, 0x3000, 0x3, 0x22, -1, 0x0) = 0x7db25b864000
arch_prctl(4098, 0x7db25b864740) = 0x0
set_tid_address(0x7db25b864d68) = 0x5e86
set_robust_list(0x7db25b864a20, 24) = 0x0
rseq(0x7db25b864680, 33, 0x0, 0x53053053) = 0x0
mprotect(0x7db25b80e000, 16384, 0x1) = 0x0
mprotect(0x58976a092000, 4096, 0x1) = 0x0
mprotect(0x7db25b8c0000, 8192, 0x1) = 0x0
prlimit64(0, 3, 0x0, 0x7fff5ab6ee00) = 0x0
getrandom("\0\0\0\0\0\0\0\0", 8, 0x1) = 0x8
munmap(0x7db25b867000, 81847) = 0x0
exit_group(7) = ?
+++ exited with 7 +++
