execve("portfolio_audit/bin/t14_exit_status", ["portfolio_audit/bin/t14_exit_sta"...], 0x7ffc29c6f710 /* 82 vars */) = 0
brk(NULL)                               = 0x58c48b508000
mmap(NULL, 8192, PROT_READ|PROT_WRITE, MAP_PRIVATE|MAP_ANONYMOUS, -1, 0) = 0x706e716c8000
access("/etc/ld.so.preload", R_OK)      = -1 ENOENT (No such file or directory)
openat(AT_FDCWD, "/etc/ld.so.cache", O_RDONLY|O_CLOEXEC) = 3
fstat(3, {st_mode=S_IFREG|0644, st_size=81847, ...}) = 0
mmap(NULL, 81847, PROT_READ, MAP_PRIVATE, 3, 0) = 0x706e716b4000
close(3)                                = 0
openat(AT_FDCWD, "/usr/lib/x86_64-linux-gnu/libc.so.6", O_RDONLY|O_CLOEXEC) = 3
read(3, "\177ELF\2\1\1\3\0\0\0\0\0\0\0\0\3\0>\0\1\0\0\0 \250\2\0\0\0\0\0"..., 832) = 832
pread64(3, "\6\0\0\0\4\0\0\0@\0\0\0\0\0\0\0@\0\0\0\0\0\0\0@\0\0\0\0\0\0\0"..., 840, 64) = 840
fstat(3, {st_mode=S_IFREG|0755, st_size=2186512, ...}) = 0
pread64(3, "\6\0\0\0\4\0\0\0@\0\0\0\0\0\0\0@\0\0\0\0\0\0\0@\0\0\0\0\0\0\0"..., 840, 64) = 840
mmap(NULL, 2231696, PROT_READ, MAP_PRIVATE|MAP_DENYWRITE, 3, 0) = 0x706e71400000
mmap(0x706e71428000, 1671168, PROT_READ|PROT_EXEC, MAP_PRIVATE|MAP_FIXED|MAP_DENYWRITE, 3, 0x28000) = 0x706e71428000
mmap(0x706e715c0000, 319488, PROT_READ, MAP_PRIVATE|MAP_FIXED|MAP_DENYWRITE, 3, 0x1c0000) = 0x706e715c0000
mmap(0x706e7160e000, 24576, PROT_READ|PROT_WRITE, MAP_PRIVATE|MAP_FIXED|MAP_DENYWRITE, 3, 0x20d000) = 0x706e7160e000
mmap(0x706e71614000, 52624, PROT_READ|PROT_WRITE, MAP_PRIVATE|MAP_FIXED|MAP_ANONYMOUS, -1, 0) = 0x706e71614000
close(3)                                = 0
mmap(NULL, 12288, PROT_READ|PROT_WRITE, MAP_PRIVATE|MAP_ANONYMOUS, -1, 0) = 0x706e716b1000
arch_prctl(ARCH_SET_FS, 0x706e716b1740) = 0
set_tid_address(0x706e716b1d68)         = 24201
set_robust_list(0x706e716b1a20, 24)     = 0
rseq(0x706e716b1680, 0x21, 0, 0x53053053) = 0
mprotect(0x706e7160e000, 16384, PROT_READ) = 0
mprotect(0x58c454695000, 4096, PROT_READ) = 0
mprotect(0x706e7170d000, 8192, PROT_READ) = 0
prlimit64(0, RLIMIT_STACK, NULL, {rlim_cur=8192*1024, rlim_max=RLIM64_INFINITY}) = 0
getrandom("\x49\x9e\x97\xfc\x40\xe6\xf0\xa2", 8, GRND_NONBLOCK) = 8
munmap(0x706e716b4000, 81847)           = 0
exit_group(7)                           = ?
+++ exited with 7 +++
