execve("portfolio_audit/bin/t07_memory", ["portfolio_audit/bin/t07_memory"], 0x7ffdee961560) = 0x0
brk(0x0) = 0x62110c8eb000
mmap(0x0, 0x2000, 0x3, 0x22, -1, 0x0) = 0x7880991fa000
access("/etc/ld.so.preload", 4) = -1 No such file or directory
openat(-100, "/etc/ld.so.cache", 0x80000, 0) = 0x3
newfstat(3, 0x7ffffd47a4f0) = 0x0
mmap(0x0, 0x13fb7, 0x1, 0x2, 3, 0x0) = 0x7880991e6000
close(3) = 0x0
openat(-100, "/usr/lib/x86_64-linux-gnu/libc.so.6", 0x80000, 0) = 0x3
read(3, "\0\0\0\0\0\0\0\0\0\0\0\0\0\0\0\0\0\0\0\0\0\0\0\0\0\0\0\0\0\0\0"..., 832) = 0x340
pread64(3, "\0\0\0\0\0\0\0\0\0\0\0\0\0\0\0\0\0\0\0\0\0\0\0\0\0\0\0\0\0\0\0"..., 840, 64) = 0x348
newfstat(3, 0x7ffffd47a590) = 0x0
pread64(3, "\0\0\0\0\0\0\0\0\0\0\0\0\0\0\0\0\0\0\0\0\0\0\0\0\0\0\0\0\0\0\0"..., 840, 64) = 0x348
mmap(0x0, 0x220d90, 0x1, 0x802, 3, 0x0) = 0x788098e00000
mmap(0x788098e28000, 0x198000, 0x5, 0x812, 3, 0x28000) = 0x788098e28000
mmap(0x788098fc0000, 0x4e000, 0x1, 0x812, 3, 0x1c0000) = 0x788098fc0000
mmap(0x78809900e000, 0x6000, 0x3, 0x812, 3, 0x20d000) = 0x78809900e000
mmap(0x788099014000, 0xcd90, 0x3, 0x32, -1, 0x0) = 0x788099014000
close(3) = 0x0
mmap(0x0, 0x3000, 0x3, 0x22, -1, 0x0) = 0x7880991e3000
arch_prctl(4098, 0x7880991e3740) = 0x0
set_tid_address(0x7880991e3d68) = 0x5e5d
set_robust_list(0x7880991e3a20, 24) = 0x0
rseq(0x7880991e3680, 33, 0x0, 0x53053053) = 0x0
mprotect(0x78809900e000, 16384, 0x1) = 0x0
mprotect(0x6211034b5000, 4096, 0x1) = 0x0
mprotect(0x78809923f000, 8192, 0x1) = 0x0
prlimit64(0, 3, 0x0, 0x7ffffd47b0c0) = 0x0
getrandom("\0\0\0\0\0\0\0\0", 8, 0x1) = 0x8
munmap(0x7880991e6000, 81847) = 0x0
mmap(0x0, 0x1000, 0x3, 0x22, -1, 0x0) = 0x7880991f9000
mprotect(0x7880991f9000, 4096, 0x1) = 0x0
munmap(0x7880991f9000, 4096) = 0x0
exit_group(0) = ?
+++ exited with 0 +++
