execve("portfolio_audit/bin/t11_clone_descendant", ["portfolio_audit/bin/t11_clone_descendant"], 0x7ffc59323a10) = 0x0
brk(0x0) = 0x5d443de2a000
mmap(0x0, 0x2000, 0x3, 0x22, -1, 0x0) = 0x74921e3cb000
access("/etc/ld.so.preload", 4) = -1 No such file or directory
openat(-100, "/etc/ld.so.cache", 0x80000, 0) = 0x3
newfstat(3, 0x7ffebc7fc6d0) = 0x0
mmap(0x0, 0x13fb7, 0x1, 0x2, 3, 0x0) = 0x74921e3b7000
close(3) = 0x0
openat(-100, "/usr/lib/x86_64-linux-gnu/libc.so.6", 0x80000, 0) = 0x3
read(3, "\0\0\0\0\0\0\0\0\0\0\0\0\0\0\0\0\0\0\0\0\0\0\0\0\0\0\0\0\0\0\0"..., 832) = 0x340
pread64(3, "\0\0\0\0\0\0\0\0\0\0\0\0\0\0\0\0\0\0\0\0\0\0\0\0\0\0\0\0\0\0\0"..., 840, 64) = 0x348
newfstat(3, 0x7ffebc7fc770) = 0x0
pread64(3, "\0\0\0\0\0\0\0\0\0\0\0\0\0\0\0\0\0\0\0\0\0\0\0\0\0\0\0\0\0\0\0"..., 840, 64) = 0x348
mmap(0x0, 0x220d90, 0x1, 0x802, 3, 0x0) = 0x74921e000000
mmap(0x74921e028000, 0x198000, 0x5, 0x812, 3, 0x28000) = 0x74921e028000
mmap(0x74921e1c0000, 0x4e000, 0x1, 0x812, 3, 0x1c0000) = 0x74921e1c0000
mmap(0x74921e20e000, 0x6000, 0x3, 0x812, 3, 0x20d000) = 0x74921e20e000
mmap(0x74921e214000, 0xcd90, 0x3, 0x32, -1, 0x0) = 0x74921e214000
close(3) = 0x0
mmap(0x0, 0x3000, 0x3, 0x22, -1, 0x0) = 0x74921e3b4000
arch_prctl(4098, 0x74921e3b4740) = 0x0
set_tid_address(0x74921e3b4d68) = 0x5e71
set_robust_list(0x74921e3b4a20, 24) = 0x0
rseq(0x74921e3b4680, 33, 0x0, 0x53053053) = 0x0
mprotect(0x74921e20e000, 16384, 0x1) = 0x0
mprotect(0x5d4406e10000, 4096, 0x1) = 0x0
mprotect(0x74921e410000, 8192, 0x1) = 0x0
prlimit64(0, 3, 0x0, 0x7ffebc7fd2a0) = 0x0
getrandom("\0\0\0\0\0\0\0\0", 8, 0x1) = 0x8
munmap(0x74921e3b7000, 81847) = 0x0
clone(0x11, 0x0, 0x0, 0x0, 0x0) = 0x5e72
wait4(24178, 0x7ffebc7fd544, 0, 0x0) = 0x5e72
--- CHLD {si_signo=CHLD, si_code=1, si_pid=24178, si_uid=1000} ---
exit_group(0) = ?
+++ exited with 0 +++
