execve("portfolio_audit/bin/t01_write_binary", ["portfolio_audit/bin/t01_write_binary"], 0x7ffe77958620) = 0x0
brk(0x0) = 0x58e399d3e000
mmap(0x0, 0x2000, 0x3, 0x22, -1, 0x0) = 0x703fde493000
access("/etc/ld.so.preload", 4) = -1 No such file or directory
openat(-100, "/etc/ld.so.cache", 0x80000, 0) = 0x3
newfstat(3, 0x7ffe4b9c68f0) = 0x0
mmap(0x0, 0x13fb7, 0x1, 0x2, 3, 0x0) = 0x703fde47f000
close(3) = 0x0
openat(-100, "/usr/lib/x86_64-linux-gnu/libc.so.6", 0x80000, 0) = 0x3
read(3, "\0\0\0\0\0\0\0\0\0\0\0\0\0\0\0\0\0\0\0\0\0\0\0\0\0\0\0\0\0\0\0"..., 832) = 0x340
pread64(3, "\0\0\0\0\0\0\0\0\0\0\0\0\0\0\0\0\0\0\0\0\0\0\0\0\0\0\0\0\0\0\0"..., 840, 64) = 0x348
newfstat(3, 0x7ffe4b9c6990) = 0x0
pread64(3, "\0\0\0\0\0\0\0\0\0\0\0\0\0\0\0\0\0\0\0\0\0\0\0\0\0\0\0\0\0\0\0"..., 840, 64) = 0x348
mmap(0x0, 0x220d90, 0x1, 0x802, 3, 0x0) = 0x703fde200000
mmap(0x703fde228000, 0x198000, 0x5, 0x812, 3, 0x28000) = 0x703fde228000
mmap(0x703fde3c0000, 0x4e000, 0x1, 0x812, 3, 0x1c0000) = 0x703fde3c0000
mmap(0x703fde40e000, 0x6000, 0x3, 0x812, 3, 0x20d000) = 0x703fde40e000
mmap(0x703fde414000, 0xcd90, 0x3, 0x32, -1, 0x0) = 0x703fde414000
close(3) = 0x0
mmap(0x0, 0x3000, 0x3, 0x22, -1, 0x0) = 0x703fde47c000
arch_prctl(4098, 0x703fde47c740) = 0x0
set_tid_address(0x703fde47cd68) = 0x5e3f
set_robust_list(0x703fde47ca20, 24) = 0x0
rseq(0x703fde47c680, 33, 0x0, 0x53053053) = 0x0
mprotect(0x703fde40e000, 16384, 0x1) = 0x0
mprotect(0x58e36b9a1000, 4096, 0x1) = 0x0
mprotect(0x703fde4d8000, 8192, 0x1) = 0x0
prlimit64(0, 3, 0x0, 0x7ffe4b9c74c0) = 0x0
getrandom("\0\0\0\0\0\0\0\0", 8, 0x1) = 0x8
munmap(0x703fde47f000, 81847) = 0x0
write(1, "A\0B\10", 4) = 0x4
exit_group(0) = ?
+++ exited with 0 +++
