execve("portfolio_audit/bin/t01_write_binary", ["portfolio_audit/bin/t01_write_bi"...], 0x7ffdfe725e60 /* 82 vars */) = 0
brk(NULL)                               = 0x5c6c55567000
mmap(NULL, 8192, PROT_READ|PROT_WRITE, MAP_PRIVATE|MAP_ANONYMOUS, -1, 0) = 0x749f5abb9000
access("/etc/ld.so.preload", R_OK)      = -1 ENOENT (No such file or directory)
openat(AT_FDCWD, "/etc/ld.so.cache", O_RDONLY|O_CLOEXEC) = 3
fstat(3, {st_mode=S_IFREG|0644, st_size=81847, ...}) = 0
mmap(NULL, 81847, PROT_READ, MAP_PRIVATE, 3, 0) = 0x749f5aba5000
close(3)                                = 0
openat(AT_FDCWD, "/usr/lib/x86_64-linux-gnu/libc.so.6", O_RDONLY|O_CLOEXEC) = 3
read(3, "\177ELF\2\1\1\3\0\0\0\0\0\0\0\0\3\0>\0\1\0\0\0 \250\2\0\0\0\0\0"..., 832) = 832
pread64(3, "\6\0\0\0\4\0\0\0@\0\0\0\0\0\0\0@\0\0\0\0\0\0\0@\0\0\0\0\0\0\0"..., 840, 64) = 840
fstat(3, {st_mode=S_IFREG|0755, st_size=2186512, ...}) = 0
pread64(3, "\6\0\0\0\4\0\0\0@\0\0\0\0\0\0\0@\0\0\0\0\0\0\0@\0\0\0\0\0\0\0"..., 840, 64) = 840
mmap(NULL, 2231696, PROT_READ, MAP_PRIVATE|MAP_DENYWRITE, 3, 0) = 0x749f5a800000
mmap(0x749f5a828000, 1671168, PROT_READ|PROT_EXEC, MAP_PRIVATE|MAP_FIXED|MAP_DENYWRITE, 3, 0x28000) = 0x749f5a828000
mmap(0x749f5a9c0000, 319488, PROT_READ, MAP_PRIVATE|MAP_FIXED|MAP_DENYWRITE, 3, 0x1c0000) = 0x749f5a9c0000
mmap(0x749f5aa0e000, 24576, PROT_READ|PROT_WRITE, MAP_PRIVATE|MAP_FIXED|MAP_DENYWRITE, 3, 0x20d000) = 0x749f5aa0e000
mmap(0x749f5aa14000, 52624, PROT_READ|PROT_WRITE, MAP_PRIVATE|MAP_FIXED|MAP_ANONYMOUS, -1, 0) = 0x749f5aa14000
close(3)                                = 0
mmap(NULL, 12288, PROT_READ|PROT_WRITE, MAP_PRIVATE|MAP_ANONYMOUS, -1, 0) = 0x749f5aba2000
arch_prctl(ARCH_SET_FS, 0x749f5aba2740) = 0
set_tid_address(0x749f5aba2d68)         = 24130
set_robust_list(0x749f5aba2a20, 24)     = 0
rseq(0x749f5aba2680, 0x21, 0, 0x53053053) = 0
mprotect(0x749f5aa0e000, 16384, PROT_READ) = 0
mprotect(0x5c6c4a164000, 4096, PROT_READ) = 0
mprotect(0x749f5abfe000, 8192, PROT_READ) = 0
prlimit64(0, RLIMIT_STACK, NULL, {rlim_cur=8192*1024, rlim_max=RLIM64_INFINITY}) = 0
getrandom("\xff\xf2\xea\x9e\x01\xb3\x9c\x26", 8, GRND_NONBLOCK) = 8
munmap(0x749f5aba5000, 81847)           = 0
write(1, "A\0B\n", 4)                   = 4
exit_group(0)                           = ?
+++ exited with 0 +++
