execve("portfolio_audit/bin/t12_socketpair", ["portfolio_audit/bin/t12_socketpair"], 0x7ffd49f05360) = 0x0
brk(0x0) = 0x5d9433e83000
mmap(0x0, 0x2000, 0x3, 0x22, -1, 0x0) = 0x79e773b72000
access("/etc/ld.so.preload", 4) = -1 No such file or directory
openat(-100, "/etc/ld.so.cache", 0x80000, 0) = 0x3
newfstat(3, 0x7fff01dbd310) = 0x0
mmap(0x0, 0x13fb7, 0x1, 0x2, 3, 0x0) = 0x79e773b5e000
close(3) = 0x0
openat(-100, "/usr/lib/x86_64-linux-gnu/libc.so.6", 0x80000, 0) = 0x3
read(3, "\0\0\0\0\0\0\0\0\0\0\0\0\0\0\0\0\0\0\0\0\0\0\0\0\0\0\0\0\0\0\0"..., 832) = 0x340
pread64(3, "\0\0\0\0\0\0\0\0\0\0\0\0\0\0\0\0\0\0\0\0\0\0\0\0\0\0\0\0\0\0\0"..., 840, 64) = 0x348
newfstat(3, 0x7fff01dbd3b0) = 0x0
pread64(3, "\0\0\0\0\0\0\0\0\0\0\0\0\0\0\0\0\0\0\0\0\0\0\0\0\0\0\0\0\0\0\0"..., 840, 64) = 0x348
mmap(0x0, 0x220d90, 0x1, 0x802, 3, 0x0) = 0x79e773800000
mmap(0x79e773828000, 0x198000, 0x5, 0x812, 3, 0x28000) = 0x79e773828000
mmap(0x79e7739c0000, 0x4e000, 0x1, 0x812, 3, 0x1c0000) = 0x79e7739c0000
mmap(0x79e773a0e000, 0x6000, 0x3, 0x812, 3, 0x20d000) = 0x79e773a0e000
mmap(0x79e773a14000, 0xcd90, 0x3, 0x32, -1, 0x0) = 0x79e773a14000
close(3) = 0x0
mmap(0x0, 0x3000, 0x3, 0x22, -1, 0x0) = 0x79e773b5b000
arch_prctl(4098, 0x79e773b5b740) = 0x0
set_tid_address(0x79e773b5bd68) = 0x5e7c
set_robust_list(0x79e773b5ba20, 24) = 0x0
rseq(0x79e773b5b680, 33, 0x0, 0x53053053) = 0x0
mprotect(0x79e773a0e000, 16384, 0x1) = 0x0
mprotect(0x5d94247d7000, 4096, 0x1) = 0x0
mprotect(0x79e773bb7000, 8192, 0x1) = 0x0
prlimit64(0, 3, 0x0, 0x7fff01dbdee0) = 0x0
getrandom("\0\0\0\0\0\0\0\0", 8, 0x1) = 0x8
munmap(0x79e773b5e000, 81847) = 0x0
socketpair(1, 1, 0, 0x7fff01dbe190) = 0x0
close(3) = 0x0
close(4) = 0x0
exit_group(0) = ?
+++ exited with 0 +++
