execve("portfolio_audit/bin/t04_open_close", ["portfolio_audit/bin/t04_open_close"], 0x7ffcfb8ff4d0) = 0x0
brk(0x0) = 0x5a671684e000
mmap(0x0, 0x2000, 0x3, 0x22, -1, 0x0) = 0x7d6a0b611000
access("/etc/ld.so.preload", 4) = -1 No such file or directory
openat(-100, "/etc/ld.so.cache", 0x80000, 0) = 0x3
newfstat(3, 0x7ffc74f4fdb0) = 0x0
mmap(0x0, 0x13fb7, 0x1, 0x2, 3, 0x0) = 0x7d6a0b5fd000
close(3) = 0x0
openat(-100, "/usr/lib/x86_64-linux-gnu/libc.so.6", 0x80000, 0) = 0x3
read(3, "\0\0\0\0\0\0\0\0\0\0\0\0\0\0\0\0\0\0\0\0\0\0\0\0\0\0\0\0\0\0\0"..., 832) = 0x340
pread64(3, "\0\0\0\0\0\0\0\0\0\0\0\0\0\0\0\0\0\0\0\0\0\0\0\0\0\0\0\0\0\0\0"..., 840, 64) = 0x348
newfstat(3, 0x7ffc74f4fe50) = 0x0
pread64(3, "\0\0\0\0\0\0\0\0\0\0\0\0\0\0\0\0\0\0\0\0\0\0\0\0\0\0\0\0\0\0\0"..., 840, 64) = 0x348
mmap(0x0, 0x220d90, 0x1, 0x802, 3, 0x0) = 0x7d6a0b200000
mmap(0x7d6a0b228000, 0x198000, 0x5, 0x812, 3, 0x28000) = 0x7d6a0b228000
mmap(0x7d6a0b3c0000, 0x4e000, 0x1, 0x812, 3, 0x1c0000) = 0x7d6a0b3c0000
mmap(0x7d6a0b40e000, 0x6000, 0x3, 0x812, 3, 0x20d000) = 0x7d6a0b40e000
mmap(0x7d6a0b414000, 0xcd90, 0x3, 0x32, -1, 0x0) = 0x7d6a0b414000
close(3) = 0x0
mmap(0x0, 0x3000, 0x3, 0x22, -1, 0x0) = 0x7d6a0b5fa000
arch_prctl(4098, 0x7d6a0b5fa740) = 0x0
set_tid_address(0x7d6a0b5fad68) = 0x5e4e
set_robust_list(0x7d6a0b5faa20, 24) = 0x0
rseq(0x7d6a0b5fa680, 33, 0x0, 0x53053053) = 0x0
mprotect(0x7d6a0b40e000, 16384, 0x1) = 0x0
mprotect(0x5a6706da8000, 4096, 0x1) = 0x0
mprotect(0x7d6a0b656000, 8192, 0x1) = 0x0
prlimit64(0, 3, 0x0, 0x7ffc74f50980) = 0x0
getrandom("\0\0\0\0\0\0\0\0", 8, 0x1) = 0x8
munmap(0x7d6a0b5fd000, 81847) = 0x0
openat(-100, "/dev/null", 0x0, 0) = 0x3
close(3) = 0x0
openat(-100, "/proc/self/fd/2147483647", 0x0, 0) = -1 No such file or directory
exit_group(0) = ?
+++ exited with 0 +++
