execve("portfolio_audit/bin/t04_open_close", ["portfolio_audit/bin/t04_open_clo"...], 0x7ffc4ff71620 /* 82 vars */) = 0
brk(NULL)                               = 0x5c5368463000
mmap(NULL, 8192, PROT_READ|PROT_WRITE, MAP_PRIVATE|MAP_ANONYMOUS, -1, 0) = 0x73c59f410000
access("/etc/ld.so.preload", R_OK)      = -1 ENOENT (No such file or directory)
openat(AT_FDCWD, "/etc/ld.so.cache", O_RDONLY|O_CLOEXEC) = 3
fstat(3, {st_mode=S_IFREG|0644, st_size=81847, ...}) = 0
mmap(NULL, 81847, PROT_READ, MAP_PRIVATE, 3, 0) = 0x73c59f3fc000
close(3)                                = 0
openat(AT_FDCWD, "/usr/lib/x86_64-linux-gnu/libc.so.6", O_RDONLY|O_CLOEXEC) = 3
read(3, "\177ELF\2\1\1\3\0\0\0\0\0\0\0\0\3\0>\0\1\0\0\0 \250\2\0\0\0\0\0"..., 832) = 832
pread64(3, "\6\0\0\0\4\0\0\0@\0\0\0\0\0\0\0@\0\0\0\0\0\0\0@\0\0\0\0\0\0\0"..., 840, 64) = 840
fstat(3, {st_mode=S_IFREG|0755, st_size=2186512, ...}) = 0
pread64(3, "\6\0\0\0\4\0\0\0@\0\0\0\0\0\0\0@\0\0\0\0\0\0\0@\0\0\0\0\0\0\0"..., 840, 64) = 840
mmap(NULL, 2231696, PROT_READ, MAP_PRIVATE|MAP_DENYWRITE, 3, 0) = 0x73c59f000000
mmap(0x73c59f028000, 1671168, PROT_READ|PROT_EXEC, MAP_PRIVATE|MAP_FIXED|MAP_DENYWRITE, 3, 0x28000) = 0x73c59f028000
mmap(0x73c59f1c0000, 319488, PROT_READ, MAP_PRIVATE|MAP_FIXED|MAP_DENYWRITE, 3, 0x1c0000) = 0x73c59f1c0000
mmap(0x73c59f20e000, 24576, PROT_READ|PROT_WRITE, MAP_PRIVATE|MAP_FIXED|MAP_DENYWRITE, 3, 0x20d000) = 0x73c59f20e000
mmap(0x73c59f214000, 52624, PROT_READ|PROT_WRITE, MAP_PRIVATE|MAP_FIXED|MAP_ANONYMOUS, -1, 0) = 0x73c59f214000
close(3)                                = 0
mmap(NULL, 12288, PROT_READ|PROT_WRITE, MAP_PRIVATE|MAP_ANONYMOUS, -1, 0) = 0x73c59f3f9000
arch_prctl(ARCH_SET_FS, 0x73c59f3f9740) = 0
set_tid_address(0x73c59f3f9d68)         = 24145
set_robust_list(0x73c59f3f9a20, 24)     = 0
rseq(0x73c59f3f9680, 0x21, 0, 0x53053053) = 0
mprotect(0x73c59f20e000, 16384, PROT_READ) = 0
mprotect(0x5c535e64d000, 4096, PROT_READ) = 0
mprotect(0x73c59f455000, 8192, PROT_READ) = 0
prlimit64(0, RLIMIT_STACK, NULL, {rlim_cur=8192*1024, rlim_max=RLIM64_INFINITY}) = 0
getrandom("\x23\x3a\x77\x43\xfb\x5f\x13\xa1", 8, GRND_NONBLOCK) = 8
munmap(0x73c59f3fc000, 81847)           = 0
openat(AT_FDCWD, "/dev/null", O_RDONLY) = 3
close(3)                                = 0
openat(AT_FDCWD, "/proc/self/fd/2147483647", O_RDONLY) = -1 ENOENT (No such file or directory)
exit_group(0)                           = ?
+++ exited with 0 +++
