execve("portfolio_audit/bin/t03_read_pipe", ["portfolio_audit/bin/t03_read_pipe"], 0x7ffdd1375f60) = 0x0
brk(0x0) = 0x5a1741099000
mmap(0x0, 0x2000, 0x3, 0x22, -1, 0x0) = 0x718465508000
access("/etc/ld.so.preload", 4) = -1 No such file or directory
openat(-100, "/etc/ld.so.cache", 0x80000, 0) = 0x3
newfstat(3, 0x7ffdebf9bb10) = 0x0
mmap(0x0, 0x13fb7, 0x1, 0x2, 3, 0x0) = 0x7184654f4000
close(3) = 0x0
openat(-100, "/usr/lib/x86_64-linux-gnu/libc.so.6", 0x80000, 0) = 0x3
read(3, "\0\0\0\0\0\0\0\0\0\0\0\0\0\0\0\0\0\0\0\0\0\0\0\0\0\0\0\0\0\0\0"..., 832) = 0x340
pread64(3, "\0\0\0\0\0\0\0\0\0\0\0\0\0\0\0\0\0\0\0\0\0\0\0\0\0\0\0\0\0\0\0"..., 840, 64) = 0x348
newfstat(3, 0x7ffdebf9bbb0) = 0x0
pread64(3, "\0\0\0\0\0\0\0\0\0\0\0\0\0\0\0\0\0\0\0\0\0\0\0\0\0\0\0\0\0\0\0"..., 840, 64) = 0x348
mmap(0x0, 0x220d90, 0x1, 0x802, 3, 0x0) = 0x718465200000
mmap(0x718465228000, 0x198000, 0x5, 0x812, 3, 0x28000) = 0x718465228000
mmap(0x7184653c0000, 0x4e000, 0x1, 0x812, 3, 0x1c0000) = 0x7184653c0000
mmap(0x71846540e000, 0x6000, 0x3, 0x812, 3, 0x20d000) = 0x71846540e000
mmap(0x718465414000, 0xcd90, 0x3, 0x32, -1, 0x0) = 0x718465414000
close(3) = 0x0
mmap(0x0, 0x3000, 0x3, 0x22, -1, 0x0) = 0x7184654f1000
arch_prctl(4098, 0x7184654f1740) = 0x0
set_tid_address(0x7184654f1d68) = 0x5e49
set_robust_list(0x7184654f1a20, 24) = 0x0
rseq(0x7184654f1680, 33, 0x0, 0x53053053) = 0x0
mprotect(0x71846540e000, 16384, 0x1) = 0x0
mprotect(0x5a171ac1d000, 4096, 0x1) = 0x0
mprotect(0x71846554d000, 8192, 0x1) = 0x0
prlimit64(0, 3, 0x0, 0x7ffdebf9c6e0) = 0x0
getrandom("\0\0\0\0\0\0\0\0", 8, 0x1) = 0x8
munmap(0x7184654f4000, 81847) = 0x0
pipe2(-335951476, 0x0) = 0x0
write(4, "READ", 4) = 0x4
read(3, "XXXX", 4) = 0x4
close(3) = 0x0
close(4) = 0x0
exit_group(0) = ?
+++ exited with 0 +++
