execve("portfolio_audit/bin/t09_execve", ["portfolio_audit/bin/t09_execve", "portfolio_audit/bin/exec_target"], 0x7ffc5b132e68) = 0x0
brk(0x0) = 0x610b91a43000
mmap(0x0, 0x2000, 0x3, 0x22, -1, 0x0) = 0x77b5ddcd6000
access("/etc/ld.so.preload", 4) = -1 No such file or directory
openat(-100, "/etc/ld.so.cache", 0x80000, 0) = 0x3
newfstat(3, 0x7fff5e1e72b0) = 0x0
mmap(0x0, 0x13fb7, 0x1, 0x2, 3, 0x0) = 0x77b5ddcc2000
close(3) = 0x0
openat(-100, "/usr/lib/x86_64-linux-gnu/libc.so.6", 0x80000, 0) = 0x3
read(3, "\0\0\0\0\0\0\0\0\0\0\0\0\0\0\0\0\0\0\0\0\0\0\0\0\0\0\0\0\0\0\0"..., 832) = 0x340
pread64(3, "\0\0\0\0\0\0\0\0\0\0\0\0\0\0\0\0\0\0\0\0\0\0\0\0\0\0\0\0\0\0\0"..., 840, 64) = 0x348
newfstat(3, 0x7fff5e1e7350) = 0x0
pread64(3, "\0\0\0\0\0\0\0\0\0\0\0\0\0\0\0\0\0\0\0\0\0\0\0\0\0\0\0\0\0\0\0"..., 840, 64) = 0x348
mmap(0x0, 0x220d90, 0x1, 0x802, 3, 0x0) = 0x77b5dda00000
mmap(0x77b5dda28000, 0x198000, 0x5, 0x812, 3, 0x28000) = 0x77b5dda28000
mmap(0x77b5ddbc0000, 0x4e000, 0x1, 0x812, 3, 0x1c0000) = 0x77b5ddbc0000
mmap(0x77b5ddc0e000, 0x6000, 0x3, 0x812, 3, 0x20d000) = 0x77b5ddc0e000
mmap(0x77b5ddc14000, 0xcd90, 0x3, 0x32, -1, 0x0) = 0x77b5ddc14000
close(3) = 0x0
mmap(0x0, 0x3000, 0x3, 0x22, -1, 0x0) = 0x77b5ddcbf000
arch_prctl(4098, 0x77b5ddcbf740) = 0x0
set_tid_address(0x77b5ddcbfd68) = 0x5e67
set_robust_list(0x77b5ddcbfa20, 24) = 0x0
rseq(0x77b5ddcbf680, 33, 0x0, 0x53053053) = 0x0
mprotect(0x77b5ddc0e000, 16384, 0x1) = 0x0
mprotect(0x610b5a689000, 4096, 0x1) = 0x0
mprotect(0x77b5ddd1b000, 8192, 0x1) = 0x0
prlimit64(0, 3, 0x0, 0x7fff5e1e7e80) = 0x0
getrandom("\0\0\0\0\0\0\0\0", 8, 0x1) = 0x8
munmap(0x77b5ddcc2000, 81847) = 0x0
execve("portfolio_audit/bin/exec_target", ["portfolio_audit/bin/exec_target", "alpha", "beta"], 0x7fff5e1e8108) = 0x0
brk(0x0) = 0x628c869c2000
mmap(0x0, 0x2000, 0x3, 0x22, -1, 0x0) = 0x718d78e1e000
access("/etc/ld.so.preload", 4) = -1 No such file or directory
openat(-100, "/etc/ld.so.cache", 0x80000, 0) = 0x3
newfstat(3, 0x7ffdb9e44160) = 0x0
mmap(0x0, 0x13fb7, 0x1, 0x2, 3, 0x0) = 0x718d78e0a000
close(3) = 0x0
openat(-100, "/usr/lib/x86_64-linux-gnu/libc.so.6", 0x80000, 0) = 0x3
read(3, "\0\0\0\0\0\0\0\0\0\0\0\0\0\0\0\0\0\0\0\0\0\0\0\0\0\0\0\0\0\0\0"..., 832) = 0x340
pread64(3, "\0\0\0\0\0\0\0\0\0\0\0\0\0\0\0\0\0\0\0\0\0\0\0\0\0\0\0\0\0\0\0"..., 840, 64) = 0x348
newfstat(3, 0x7ffdb9e44200) = 0x0
pread64(3, "\0\0\0\0\0\0\0\0\0\0\0\0\0\0\0\0\0\0\0\0\0\0\0\0\0\0\0\0\0\0\0"..., 840, 64) = 0x348
mmap(0x0, 0x220d90, 0x1, 0x802, 3, 0x0) = 0x718d78a00000
mmap(0x718d78a28000, 0x198000, 0x5, 0x812, 3, 0x28000) = 0x718d78a28000
mmap(0x718d78bc0000, 0x4e000, 0x1, 0x812, 3, 0x1c0000) = 0x718d78bc0000
mmap(0x718d78c0e000, 0x6000, 0x3, 0x812, 3, 0x20d000) = 0x718d78c0e000
mmap(0x718d78c14000, 0xcd90, 0x3, 0x32, -1, 0x0) = 0x718d78c14000
close(3) = 0x0
mmap(0x0, 0x3000, 0x3, 0x22, -1, 0x0) = 0x718d78e07000
arch_prctl(4098, 0x718d78e07740) = 0x0
set_tid_address(0x718d78e07d68) = 0x5e67
set_robust_list(0x718d78e07a20, 24) = 0x0
rseq(0x718d78e07680, 33, 0x0, 0x53053053) = 0x0
mprotect(0x718d78c0e000, 16384, 0x1) = 0x0
mprotect(0x628c506c9000, 4096, 0x1) = 0x0
mprotect(0x718d78e63000, 8192, 0x1) = 0x0
prlimit64(0, 3, 0x0, 0x7ffdb9e44d30) = 0x0
getrandom("\0\0\0\0\0\0\0\0", 8, 0x1) = 0x8
munmap(0x718d78e0a000, 81847) = 0x0
exit_group(23) = ?
+++ exited with 23 +++
