14156 execve("/usr/bin/ls", ["ls"], 0x7ffc2e5a4c98 /* 52 vars */) = 0
14156 brk(NULL)                         = 0x614a2284b000
14156 arch_prctl(0x3001 /* ARCH_??? */, 0x7ffca00d22e0) = -1 EINVAL (Invalid argument)
14156 mmap(NULL, 8192, PROT_READ|PROT_WRITE, MAP_PRIVATE|MAP_ANONYMOUS, -1, 0) = 0x70b47bebd000
14156 access("/etc/ld.so.preload", R_OK) = -1 ENOENT (No such file or directory)
14156 openat(AT_FDCWD, "/etc/ld.so.cache", O_RDONLY|O_CLOEXEC) = 3
14156 newfstatat(3, "", {st_mode=S_IFREG|0644, st_size=88668, ...}, AT_EMPTY_PATH) = 0
14156 mmap(NULL, 88668, PROT_READ, MAP_PRIVATE, 3, 0) = 0x70b47bea7000
14156 close(3)                          = 0
14156 openat(AT_FDCWD, "/lib/x86_64-linux-gnu/libselinux.so.1", O_RDONLY|O_CLOEXEC) = 3
14156 read(3, "\177ELF\2\1\1\0\0\0\0\0\0\0\0\0\3\0>\0\1\0\0\0\0\0\0\0\0\0\0\0@\0\0\0\0\0\0\0\310\201\2\0\0\0\0\0\0\0\0\0@\08\0\f\0@\0\37\0\36\0\1\0\0\0\4\0\0\0\0\0\0\0\0\0\0\0\0\0\0\0\0\0\0\0\0\0\0\0\0\0\0\0\230Z\0\0\0\0\0\0\230Z\0\0\0\0\0\0\0\20\0\0\0\0\0\0\1\0\0\0\5\0\0\0\0`\0\0\0\0\0\0\0`\0\0\0\0\0\0\0`\0\0\0\0\0\0\215\226\1\0\0\0\0\0\215\226\1\0\0\0\0\0\0\20\0\0\0\0\0\0\1\0\0\0\4\0\0\0\0\0\2\0\0\0\0\0\0\0\2\0\0\0\0\0"..., 832) = 832
14156 newfstatat(3, "", {st_mode=S_IFREG|0644, st_size=166280, ...}, AT_EMPTY_PATH) = 0
14156 mmap(NULL, 177672, PROT_READ, MAP_PRIVATE|MAP_DENYWRITE, 3, 0) = 0x70b47be7b000
14156 mprotect(0x70b47be81000, 139264, PROT_NONE) = 0
14156 mmap(0x70b47be81000, 106496, PROT_READ|PROT_EXEC, MAP_PRIVATE|MAP_FIXED|MAP_DENYWRITE, 3, 0x6000) = 0x70b47be81000
14156 mmap(0x70b47be9b000, 28672, PROT_READ, MAP_PRIVATE|MAP_FIXED|MAP_DENYWRITE, 3, 0x20000) = 0x70b47be9b000
14156 mmap(0x70b47bea3000, 8192, PROT_READ|PROT_WRITE, MAP_PRIVATE|MAP_FIXED|MAP_DENYWRITE, 3, 0x27000) = 0x70b47bea3000
14156 mmap(0x70b47bea5000, 5640, PROT_READ|PROT_WRITE, MAP_PRIVATE|MAP_FIXED|MAP_ANONYMOUS, -1, 0) = 0x70b47bea5000
14156 close(3)                          = 0
14156 openat(AT_FDCWD, "/lib/x86_64-linux-gnu/libc.so.6", O_RDONLY|O_CLOEXEC) = 3
14156 read(3, "\177ELF\2\1\1\3\0\0\0\0\0\0\0\0\3\0>\0\1\0\0\0P\237\2\0\0\0\0\0@\0\0\0\0\0\0\0\360\320!\0\0\0\0\0\0\0\0\0@\08\0\16\0@\0B\0A\0\6\0\0\0\4\0\0\0@\0\0\0\0\0\0\0@\0\0\0\0\0\0\0@\0\0\0\0\0\0\0\20\3\0\0\0\0\0\0\20\3\0\0\0\0\0\0\10\0\0\0\0\0\0\0\3\0\0\0\4\0\0\0@>\36\0\0\0\0\0@>\36\0\0\0\0\0@>\36\0\0\0\0\0\34\0\0\0\0\0\0\0\34\0\0\0\0\0\0\0\20\0\0\0\0\0\0\0\1\0\0\0\4\0\0\0\0\0\0\0\0\0\0\0\0\0\0\0\0\0\0\0"..., 832) = 832
14156 pread64(3, "\6\0\0\0\4\0\0\0@\0\0\0\0\0\0\0@\0\0\0\0\0\0\0@\0\0\0\0\0\0\0\20\3\0\0\0\0\0\0\20\3\0\0\0\0\0\0\10\0\0\0\0\0\0\0\3\0\0\0\4\0\0\0@>\36\0\0\0\0\0@>\36\0\0\0\0\0@>\36\0\0\0\0\0\34\0\0\0\0\0\0\0\34\0\0\0\0\0\0\0\20\0\0\0\0\0\0\0\1\0\0\0\4\0\0\0\0\0\0\0\0\0\0\0\0\0\0\0\0\0\0\0\0\0\0\0\0\0\0\0\340\177\2\0\0\0\0\0\340\177\2\0\0\0\0\0\0\20\0\0\0\0\0\0\1\0\0\0\5\0\0\0\0\200\2\0\0\0\0\0\0\200\2\0\0\0\0\0\0\200\2\0\0\0\0\0"..., 784, 64) = 784
14156 pread64(3, "\4\0\0\0 \0\0\0\5\0\0\0GNU\0\2\0\0\300\4\0\0\0\3\0\0\0\0\0\0\0\2\200\0\300\4\0\0\0\1\0\0\0\0\0\0\0", 48, 848) = 48
14156 pread64(3, "\4\0\0\0\24\0\0\0\3\0\0\0GNU\0\t\\{\241H\256\312\201f\200\221\367\30\4px\325~\375\333\4\0\0\0\20\0\0\0\1\0\0\0GNU\0\0\0\0\0\3\0\0\0\2\0\0\0\0\0\0\0", 68, 896) = 68
14156 newfstatat(3, "", {st_mode=S_IFREG|0755, st_size=2220400, ...}, AT_EMPTY_PATH) = 0
14156 pread64(3, "\6\0\0\0\4\0\0\0@\0\0\0\0\0\0\0@\0\0\0\0\0\0\0@\0\0\0\0\0\0\0\20\3\0\0\0\0\0\0\20\3\0\0\0\0\0\0\10\0\0\0\0\0\0\0\3\0\0\0\4\0\0\0@>\36\0\0\0\0\0@>\36\0\0\0\0\0@>\36\0\0\0\0\0\34\0\0\0\0\0\0\0\34\0\0\0\0\0\0\0\20\0\0\0\0\0\0\0\1\0\0\0\4\0\0\0\0\0\0\0\0\0\0\0\0\0\0\0\0\0\0\0\0\0\0\0\0\0\0\0\340\177\2\0\0\0\0\0\340\177\2\0\0\0\0\0\0\20\0\0\0\0\0\0\1\0\0\0\5\0\0\0\0\200\2\0\0\0\0\0\0\200\2\0\0\0\0\0\0\200\2\0\0\0\0\0"..., 784, 64) = 784
14156 mmap(NULL, 2264656, PROT_READ, MAP_PRIVATE|MAP_DENYWRITE, 3, 0) = 0x70b47bc00000
14156 mprotect(0x70b47bc28000, 2023424, PROT_NONE) = 0
14156 mmap(0x70b47bc28000, 1658880, PROT_READ|PROT_EXEC, MAP_PRIVATE|MAP_FIXED|MAP_DENYWRITE, 3, 0x28000) = 0x70b47bc28000
14156 mmap(0x70b47bdbd000, 360448, PROT_READ, MAP_PRIVATE|MAP_FIXED|MAP_DENYWRITE, 3, 0x1bd000) = 0x70b47bdbd000
14156 mmap(0x70b47be16000, 24576, PROT_READ|PROT_WRITE, MAP_PRIVATE|MAP_FIXED|MAP_DENYWRITE, 3, 0x215000) = 0x70b47be16000
14156 mmap(0x70b47be1c000, 52816, PROT_READ|PROT_WRITE, MAP_PRIVATE|MAP_FIXED|MAP_ANONYMOUS, -1, 0) = 0x70b47be1c000
14156 close(3)                          = 0
14156 openat(AT_FDCWD, "/lib/x86_64-linux-gnu/libpcre2-8.so.0", O_RDONLY|O_CLOEXEC) = 3
14156 read(3, "\177ELF\2\1\1\0\0\0\0\0\0\0\0\0\3\0>\0\1\0\0\0\0\0\0\0\0\0\0\0@\0\0\0\0\0\0\0\210S\t\0\0\0\0\0\0\0\0\0@\08\0\v\0@\0\35\0\34\0\1\0\0\0\4\0\0\0\0\0\0\0\0\0\0\0\0\0\0\0\0\0\0\0\0\0\0\0\0\0\0\0000\36\0\0\0\0\0\0000\36\0\0\0\0\0\0\0\20\0\0\0\0\0\0\1\0\0\0\5\0\0\0\0 \0\0\0\0\0\0\0 \0\0\0\0\0\0\0 \0\0\0\0\0\0\355\252\6\0\0\0\0\0\355\252\6\0\0\0\0\0\0\20\0\0\0\0\0\0\1\0\0\0\4\0\0\0\0\320\6\0\0\0\0\0\0\320\6\0\0\0\0\0"..., 832) = 832
14156 newfstatat(3, "", {st_mode=S_IFREG|0644, st_size=613064, ...}, AT_EMPTY_PATH) = 0
14156 mmap(NULL, 615184, PROT_READ, MAP_PRIVATE|MAP_DENYWRITE, 3, 0) = 0x70b47bb69000
14156 mmap(0x70b47bb6b000, 438272, PROT_READ|PROT_EXEC, MAP_PRIVATE|MAP_FIXED|MAP_DENYWRITE, 3, 0x2000) = 0x70b47bb6b000
14156 mmap(0x70b47bbd6000, 163840, PROT_READ, MAP_PRIVATE|MAP_FIXED|MAP_DENYWRITE, 3, 0x6d000) = 0x70b47bbd6000
14156 mmap(0x70b47bbfe000, 8192, PROT_READ|PROT_WRITE, MAP_PRIVATE|MAP_FIXED|MAP_DENYWRITE, 3, 0x94000) = 0x70b47bbfe000
14156 close(3)                          = 0
14156 mmap(NULL, 12288, PROT_READ|PROT_WRITE, MAP_PRIVATE|MAP_ANONYMOUS, -1, 0) = 0x70b47be78000
14156 arch_prctl(ARCH_SET_FS, 0x70b47be78800) = 0
14156 set_tid_address(0x70b47be78ad0)   = 14156
14156 set_robust_list(0x70b47be78ae0, 24) = 0
14156 rseq(0x70b47be791a0, 0x20, 0, 0x53053053) = 0
14156 mprotect(0x70b47be16000, 16384, PROT_READ) = 0
14156 mprotect(0x70b47bbfe000, 4096, PROT_READ) = 0
14156 mprotect(0x70b47bea3000, 4096, PROT_READ) = 0
14156 mprotect(0x6149ee100000, 4096, PROT_READ) = 0
14156 mprotect(0x70b47bef7000, 8192, PROT_READ) = 0
14156 prlimit64(0, RLIMIT_STACK, NULL, {rlim_cur=8192*1024, rlim_max=RLIM64_INFINITY}) = 0
14156 munmap(0x70b47bea7000, 88668)     = 0
14156 statfs("/sys/fs/selinux", 0x7ffca00d2320) = -1 ENOENT (No such file or directory)
14156 statfs("/selinux", 0x7ffca00d2320) = -1 ENOENT (No such file or directory)
14156 getrandom("\x92\xf2\x63\x7e\x61\x17\xe9\x92", 8, GRND_NONBLOCK) = 8
14156 brk(NULL)                         = 0x614a2284b000
14156 brk(0x614a2286c000)               = 0x614a2286c000
14156 openat(AT_FDCWD, "/proc/filesystems", O_RDONLY|O_CLOEXEC) = 3
14156 newfstatat(3, "", {st_mode=S_IFREG|0444, st_size=0, ...}, AT_EMPTY_PATH) = 0
14156 read(3, "nodev\tsysfs\nnodev\ttmpfs\nnodev\tbdev\nnodev\tproc\nnodev\tcgroup\nnodev\tcgroup2\nnodev\tcpuset\nnodev\tdevtmpfs\nnodev\tconfigfs\nnodev\tdebugfs\nnodev\ttracefs\nnodev\tsecurityfs\nnodev\tsockfs\nnodev\tbpf\nnodev\tpipefs\nnod"..., 1024) = 468
14156 read(3, "", 1024)                 = 0
14156 close(3)                          = 0
14156 access("/etc/selinux/config", F_OK) = -1 ENOENT (No such file or directory)
14156 openat(AT_FDCWD, "/usr/lib/locale/locale-archive", O_RDONLY|O_CLOEXEC) = 3
14156 newfstatat(3, "", {st_mode=S_IFREG|0644, st_size=5475184, ...}, AT_EMPTY_PATH) = 0
14156 mmap(NULL, 5475184, PROT_READ, MAP_PRIVATE, 3, 0) = 0x70b47b600000
14156 close(3)                          = 0
14156 ioctl(1, TCGETS, {B38400 opost isig icanon echo ...}) = 0
14156 ioctl(1, TIOCGWINSZ, {ws_row=55, ws_col=211, ws_xpixel=0, ws_ypixel=0}) = 0
14156 openat(AT_FDCWD, ".", O_RDONLY|O_NONBLOCK|O_CLOEXEC|O_DIRECTORY) = 3
14156 newfstatat(3, "", {st_mode=S_IFDIR|0755, st_size=195, ...}, AT_EMPTY_PATH) = 0
14156 getdents64(3, 0x614a228519f0 /* 10 entries */, 32768) = 352
14156 getdents64(3, 0x614a228519f0 /* 0 entries */, 32768) = 0
14156 close(3)                          = 0
14156 newfstatat(1, "", {st_mode=S_IFCHR|0620, st_rdev=makedev(0x88, 0), ...}, AT_EMPTY_PATH) = 0
14156 write(1, "how_to_work2  how_to_work_strace_commandis_StraceStraceLs  inner.log  man_ptrace  man_ptrace_kr.md  man_strace\tman_strace_kr.md  outer.log\n", 139) = 139
14156 close(1)                          = 0
14156 close(2)                          = 0
14156 exit_group(0)                     = ?
14156 +++ exited with 0 +++
