execve("portfolio_audit/bin/t10_signal", ["portfolio_audit/bin/t10_signal"], 0x7ffe40517810) = 0x0
brk(0x0) = 0x5e36dcea5000
mmap(0x0, 0x2000, 0x3, 0x22, -1, 0x0) = 0x7cc9ca630000
access("/etc/ld.so.preload", 4) = -1 No such file or directory
openat(-100, "/etc/ld.so.cache", 0x80000, 0) = 0x3
newfstat(3, 0x7ffd67721b30) = 0x0
mmap(0x0, 0x13fb7, 0x1, 0x2, 3, 0x0) = 0x7cc9ca61c000
close(3) = 0x0
openat(-100, "/usr/lib/x86_64-linux-gnu/libc.so.6", 0x80000, 0) = 0x3
read(3, "\0\0\0\0\0\0\0\0\0\0\0\0\0\0\0\0\0\0\0\0\0\0\0\0\0\0\0\0\0\0\0"..., 832) = 0x340
pread64(3, "\0\0\0\0\0\0\0\0\0\0\0\0\0\0\0\0\0\0\0\0\0\0\0\0\0\0\0\0\0\0\0"..., 840, 64) = 0x348
newfstat(3, 0x7ffd67721bd0) = 0x0
pread64(3, "\0\0\0\0\0\0\0\0\0\0\0\0\0\0\0\0\0\0\0\0\0\0\0\0\0\0\0\0\0\0\0"..., 840, 64) = 0x348
mmap(0x0, 0x220d90, 0x1, 0x802, 3, 0x0) = 0x7cc9ca200000
mmap(0x7cc9ca228000, 0x198000, 0x5, 0x812, 3, 0x28000) = 0x7cc9ca228000
mmap(0x7cc9ca3c0000, 0x4e000, 0x1, 0x812, 3, 0x1c0000) = 0x7cc9ca3c0000
mmap(0x7cc9ca40e000, 0x6000, 0x3, 0x812, 3, 0x20d000) = 0x7cc9ca40e000
mmap(0x7cc9ca414000, 0xcd90, 0x3, 0x32, -1, 0x0) = 0x7cc9ca414000
close(3) = 0x0
mmap(0x0, 0x3000, 0x3, 0x22, -1, 0x0) = 0x7cc9ca619000
arch_prctl(4098, 0x7cc9ca619740) = 0x0
set_tid_address(0x7cc9ca619d68) = 0x5e6c
set_robust_list(0x7cc9ca619a20, 24) = 0x0
rseq(0x7cc9ca619680, 33, 0x0, 0x53053053) = 0x0
mprotect(0x7cc9ca40e000, 16384, 0x1) = 0x0
mprotect(0x5e36bc8f6000, 4096, 0x1) = 0x0
mprotect(0x7cc9ca675000, 8192, 0x1) = 0x0
prlimit64(0, 3, 0x0, 0x7ffd67722700) = 0x0
getrandom("\0\0\0\0\0\0\0\0", 8, 0x1) = 0x8
munmap(0x7cc9ca61c000, 81847) = 0x0
rt_sigaction(0xa, 0x7ffd677227c0, 0x0, 8) = 0x0
getpid() = 0x5e6c
kill(24172, 0xa) = 0x0
--- USR1 {si_signo=USR1, si_code=0, si_pid=24172, si_uid=1000} ---
rt_sigreturn() = 0x0
exit_group(0) = ?
+++ exited with 0 +++
