execve("portfolio_audit/bin/t10_signal", ["portfolio_audit/bin/t10_signal"], 0x7ffe72d30b10 /* 82 vars */) = 0
brk(NULL)                               = 0x5cb2509c1000
mmap(NULL, 8192, PROT_READ|PROT_WRITE, MAP_PRIVATE|MAP_ANONYMOUS, -1, 0) = 0x76688ae8c000
access("/etc/ld.so.preload", R_OK)      = -1 ENOENT (No such file or directory)
openat(AT_FDCWD, "/etc/ld.so.cache", O_RDONLY|O_CLOEXEC) = 3
fstat(3, {st_mode=S_IFREG|0644, st_size=81847, ...}) = 0
mmap(NULL, 81847, PROT_READ, MAP_PRIVATE, 3, 0) = 0x76688ae78000
close(3)                                = 0
openat(AT_FDCWD, "/usr/lib/x86_64-linux-gnu/libc.so.6", O_RDONLY|O_CLOEXEC) = 3
read(3, "\177ELF\2\1\1\3\0\0\0\0\0\0\0\0\3\0>\0\1\0\0\0 \250\2\0\0\0\0\0"..., 832) = 832
pread64(3, "\6\0\0\0\4\0\0\0@\0\0\0\0\0\0\0@\0\0\0\0\0\0\0@\0\0\0\0\0\0\0"..., 840, 64) = 840
fstat(3, {st_mode=S_IFREG|0755, st_size=2186512, ...}) = 0
pread64(3, "\6\0\0\0\4\0\0\0@\0\0\0\0\0\0\0@\0\0\0\0\0\0\0@\0\0\0\0\0\0\0"..., 840, 64) = 840
mmap(NULL, 2231696, PROT_READ, MAP_PRIVATE|MAP_DENYWRITE, 3, 0) = 0x76688ac00000
mmap(0x76688ac28000, 1671168, PROT_READ|PROT_EXEC, MAP_PRIVATE|MAP_FIXED|MAP_DENYWRITE, 3, 0x28000) = 0x76688ac28000
mmap(0x76688adc0000, 319488, PROT_READ, MAP_PRIVATE|MAP_FIXED|MAP_DENYWRITE, 3, 0x1c0000) = 0x76688adc0000
mmap(0x76688ae0e000, 24576, PROT_READ|PROT_WRITE, MAP_PRIVATE|MAP_FIXED|MAP_DENYWRITE, 3, 0x20d000) = 0x76688ae0e000
mmap(0x76688ae14000, 52624, PROT_READ|PROT_WRITE, MAP_PRIVATE|MAP_FIXED|MAP_ANONYMOUS, -1, 0) = 0x76688ae14000
close(3)                                = 0
mmap(NULL, 12288, PROT_READ|PROT_WRITE, MAP_PRIVATE|MAP_ANONYMOUS, -1, 0) = 0x76688ae75000
arch_prctl(ARCH_SET_FS, 0x76688ae75740) = 0
set_tid_address(0x76688ae75d68)         = 24175
set_robust_list(0x76688ae75a20, 24)     = 0
rseq(0x76688ae75680, 0x21, 0, 0x53053053) = 0
mprotect(0x76688ae0e000, 16384, PROT_READ) = 0
mprotect(0x5cb233788000, 4096, PROT_READ) = 0
mprotect(0x76688aed1000, 8192, PROT_READ) = 0
prlimit64(0, RLIMIT_STACK, NULL, {rlim_cur=8192*1024, rlim_max=RLIM64_INFINITY}) = 0
getrandom("\xa8\x24\x8b\xa8\x0e\x37\x34\x21", 8, GRND_NONBLOCK) = 8
munmap(0x76688ae78000, 81847)           = 0
rt_sigaction(SIGUSR1, {sa_handler=0x5cb2337861c9, sa_mask=[], sa_flags=SA_RESTORER, sa_restorer=0x76688ac45cb0}, NULL, 8) = 0
getpid()                                = 24175
kill(24175, SIGUSR1)                    = 0
--- SIGUSR1 {si_signo=SIGUSR1, si_code=SI_USER, si_pid=24175, si_uid=1000} ---
rt_sigreturn({mask=[]})                 = 0
exit_group(0)                           = ?
+++ exited with 0 +++
