execve("portfolio_audit/bin/t05_lseek64", ["portfolio_audit/bin/t05_lseek64"], 0x7fff2d672420) = 0x0
brk(0x0) = 0x6200e253b000
mmap(0x0, 0x2000, 0x3, 0x22, -1, 0x0) = 0x755edb7c2000
access("/etc/ld.so.preload", 4) = -1 No such file or directory
openat(-100, "/etc/ld.so.cache", 0x80000, 0) = 0x3
newfstat(3, 0x7fffd7165bc0) = 0x0
mmap(0x0, 0x13fb7, 0x1, 0x2, 3, 0x0) = 0x755edb7ae000
close(3) = 0x0
openat(-100, "/usr/lib/x86_64-linux-gnu/libc.so.6", 0x80000, 0) = 0x3
read(3, "\0\0\0\0\0\0\0\0\0\0\0\0\0\0\0\0\0\0\0\0\0\0\0\0\0\0\0\0\0\0\0"..., 832) = 0x340
pread64(3, "\0\0\0\0\0\0\0\0\0\0\0\0\0\0\0\0\0\0\0\0\0\0\0\0\0\0\0\0\0\0\0"..., 840, 64) = 0x348
newfstat(3, 0x7fffd7165c60) = 0x0
pread64(3, "\0\0\0\0\0\0\0\0\0\0\0\0\0\0\0\0\0\0\0\0\0\0\0\0\0\0\0\0\0\0\0"..., 840, 64) = 0x348
mmap(0x0, 0x220d90, 0x1, 0x802, 3, 0x0) = 0x755edb400000
mmap(0x755edb428000, 0x198000, 0x5, 0x812, 3, 0x28000) = 0x755edb428000
mmap(0x755edb5c0000, 0x4e000, 0x1, 0x812, 3, 0x1c0000) = 0x755edb5c0000
mmap(0x755edb60e000, 0x6000, 0x3, 0x812, 3, 0x20d000) = 0x755edb60e000
mmap(0x755edb614000, 0xcd90, 0x3, 0x32, -1, 0x0) = 0x755edb614000
close(3) = 0x0
mmap(0x0, 0x3000, 0x3, 0x22, -1, 0x0) = 0x755edb7ab000
arch_prctl(4098, 0x755edb7ab740) = 0x0
set_tid_address(0x755edb7abd68) = 0x5e53
set_robust_list(0x755edb7aba20, 24) = 0x0
rseq(0x755edb7ab680, 33, 0x0, 0x53053053) = 0x0
mprotect(0x755edb60e000, 16384, 0x1) = 0x0
mprotect(0x6200a8bec000, 4096, 0x1) = 0x0
mprotect(0x755edb807000, 8192, 0x1) = 0x0
prlimit64(0, 3, 0x0, 0x7fffd7166790) = 0x0
getrandom("\0\0\0\0\0\0\0\0", 8, 0x1) = 0x8
munmap(0x755edb7ae000, 81847) = 0x0
memfd_create("ft_strace-lseek64", 0x0) = 0x3
lseek(3, 2, 0) = 0x100000002
close(3) = 0x0
exit_group(0) = ?
+++ exited with 0 +++
