execve("portfolio_audit/bin/t05_lseek64", ["portfolio_audit/bin/t05_lseek64"], 0x7fffbf6e2620 /* 82 vars */) = 0
brk(NULL)                               = 0x6496b4dd9000
mmap(NULL, 8192, PROT_READ|PROT_WRITE, MAP_PRIVATE|MAP_ANONYMOUS, -1, 0) = 0x771d241cc000
access("/etc/ld.so.preload", R_OK)      = -1 ENOENT (No such file or directory)
openat(AT_FDCWD, "/etc/ld.so.cache", O_RDONLY|O_CLOEXEC) = 3
fstat(3, {st_mode=S_IFREG|0644, st_size=81847, ...}) = 0
mmap(NULL, 81847, PROT_READ, MAP_PRIVATE, 3, 0) = 0x771d241b8000
close(3)                                = 0
openat(AT_FDCWD, "/usr/lib/x86_64-linux-gnu/libc.so.6", O_RDONLY|O_CLOEXEC) = 3
read(3, "\177ELF\2\1\1\3\0\0\0\0\0\0\0\0\3\0>\0\1\0\0\0 \250\2\0\0\0\0\0"..., 832) = 832
pread64(3, "\6\0\0\0\4\0\0\0@\0\0\0\0\0\0\0@\0\0\0\0\0\0\0@\0\0\0\0\0\0\0"..., 840, 64) = 840
fstat(3, {st_mode=S_IFREG|0755, st_size=2186512, ...}) = 0
pread64(3, "\6\0\0\0\4\0\0\0@\0\0\0\0\0\0\0@\0\0\0\0\0\0\0@\0\0\0\0\0\0\0"..., 840, 64) = 840
mmap(NULL, 2231696, PROT_READ, MAP_PRIVATE|MAP_DENYWRITE, 3, 0) = 0x771d23e00000
mmap(0x771d23e28000, 1671168, PROT_READ|PROT_EXEC, MAP_PRIVATE|MAP_FIXED|MAP_DENYWRITE, 3, 0x28000) = 0x771d23e28000
mmap(0x771d23fc0000, 319488, PROT_READ, MAP_PRIVATE|MAP_FIXED|MAP_DENYWRITE, 3, 0x1c0000) = 0x771d23fc0000
mmap(0x771d2400e000, 24576, PROT_READ|PROT_WRITE, MAP_PRIVATE|MAP_FIXED|MAP_DENYWRITE, 3, 0x20d000) = 0x771d2400e000
mmap(0x771d24014000, 52624, PROT_READ|PROT_WRITE, MAP_PRIVATE|MAP_FIXED|MAP_ANONYMOUS, -1, 0) = 0x771d24014000
close(3)                                = 0
mmap(NULL, 12288, PROT_READ|PROT_WRITE, MAP_PRIVATE|MAP_ANONYMOUS, -1, 0) = 0x771d241b5000
arch_prctl(ARCH_SET_FS, 0x771d241b5740) = 0
set_tid_address(0x771d241b5d68)         = 24150
set_robust_list(0x771d241b5a20, 24)     = 0
rseq(0x771d241b5680, 0x21, 0, 0x53053053) = 0
mprotect(0x771d2400e000, 16384, PROT_READ) = 0
mprotect(0x64968b5de000, 4096, PROT_READ) = 0
mprotect(0x771d24211000, 8192, PROT_READ) = 0
prlimit64(0, RLIMIT_STACK, NULL, {rlim_cur=8192*1024, rlim_max=RLIM64_INFINITY}) = 0
getrandom("\xea\x55\xb4\x9e\x44\x4c\xfb\x02", 8, GRND_NONBLOCK) = 8
munmap(0x771d241b8000, 81847)           = 0
memfd_create("ft_strace-lseek64", 0)    = 3
lseek(3, 4294967298, SEEK_SET)          = 4294967298
close(3)                                = 0
exit_group(0)                           = ?
+++ exited with 0 +++
