execve("portfolio_audit/bin/t06_newfstatat", ["portfolio_audit/bin/t06_newfstatat"], 0x7fffadf4cce0) = 0x0
brk(0x0) = 0x55d2ef9aa000
mmap(0x0, 0x2000, 0x3, 0x22, -1, 0x0) = 0x733f9d08a000
access("/etc/ld.so.preload", 4) = -1 No such file or directory
openat(-100, "/etc/ld.so.cache", 0x80000, 0) = 0x3
newfstat(3, 0x7ffe5de4f600) = 0x0
mmap(0x0, 0x13fb7, 0x1, 0x2, 3, 0x0) = 0x733f9d076000
close(3) = 0x0
openat(-100, "/usr/lib/x86_64-linux-gnu/libc.so.6", 0x80000, 0) = 0x3
read(3, "\0\0\0\0\0\0\0\0\0\0\0\0\0\0\0\0\0\0\0\0\0\0\0\0\0\0\0\0\0\0\0"..., 832) = 0x340
pread64(3, "\0\0\0\0\0\0\0\0\0\0\0\0\0\0\0\0\0\0\0\0\0\0\0\0\0\0\0\0\0\0\0"..., 840, 64) = 0x348
newfstat(3, 0x7ffe5de4f6a0) = 0x0
pread64(3, "\0\0\0\0\0\0\0\0\0\0\0\0\0\0\0\0\0\0\0\0\0\0\0\0\0\0\0\0\0\0\0"..., 840, 64) = 0x348
mmap(0x0, 0x220d90, 0x1, 0x802, 3, 0x0) = 0x733f9ce00000
mmap(0x733f9ce28000, 0x198000, 0x5, 0x812, 3, 0x28000) = 0x733f9ce28000
mmap(0x733f9cfc0000, 0x4e000, 0x1, 0x812, 3, 0x1c0000) = 0x733f9cfc0000
mmap(0x733f9d00e000, 0x6000, 0x3, 0x812, 3, 0x20d000) = 0x733f9d00e000
mmap(0x733f9d014000, 0xcd90, 0x3, 0x32, -1, 0x0) = 0x733f9d014000
close(3) = 0x0
mmap(0x0, 0x3000, 0x3, 0x22, -1, 0x0) = 0x733f9d073000
arch_prctl(4098, 0x733f9d073740) = 0x0
set_tid_address(0x733f9d073d68) = 0x5e58
set_robust_list(0x733f9d073a20, 24) = 0x0
rseq(0x733f9d073680, 33, 0x0, 0x53053053) = 0x0
mprotect(0x733f9d00e000, 16384, 0x1) = 0x0
mprotect(0x55d2ed9f3000, 4096, 0x1) = 0x0
mprotect(0x733f9d0cf000, 8192, 0x1) = 0x0
prlimit64(0, 3, 0x0, 0x7ffe5de501d0) = 0x0
getrandom("\0\0\0\0\0\0\0\0", 8, 0x1) = 0x8
munmap(0x733f9d076000, 81847) = 0x0
newfstatat(-100, "/dev/null", 0x7ffe5de503f0, 0x0) = 0x0
exit_group(0) = ?
+++ exited with 0 +++
