execve("portfolio_audit/bin/t06_newfstatat", ["portfolio_audit/bin/t06_newfstat"...], 0x7fff0425bef0 /* 82 vars */) = 0
brk(NULL)                               = 0x61361039f000
mmap(NULL, 8192, PROT_READ|PROT_WRITE, MAP_PRIVATE|MAP_ANONYMOUS, -1, 0) = 0x71e68a0bf000
access("/etc/ld.so.preload", R_OK)      = -1 ENOENT (No such file or directory)
openat(AT_FDCWD, "/etc/ld.so.cache", O_RDONLY|O_CLOEXEC) = 3
fstat(3, {st_mode=S_IFREG|0644, st_size=81847, ...}) = 0
mmap(NULL, 81847, PROT_READ, MAP_PRIVATE, 3, 0) = 0x71e68a0ab000
close(3)                                = 0
openat(AT_FDCWD, "/usr/lib/x86_64-linux-gnu/libc.so.6", O_RDONLY|O_CLOEXEC) = 3
read(3, "\177ELF\2\1\1\3\0\0\0\0\0\0\0\0\3\0>\0\1\0\0\0 \250\2\0\0\0\0\0"..., 832) = 832
pread64(3, "\6\0\0\0\4\0\0\0@\0\0\0\0\0\0\0@\0\0\0\0\0\0\0@\0\0\0\0\0\0\0"..., 840, 64) = 840
fstat(3, {st_mode=S_IFREG|0755, st_size=2186512, ...}) = 0
pread64(3, "\6\0\0\0\4\0\0\0@\0\0\0\0\0\0\0@\0\0\0\0\0\0\0@\0\0\0\0\0\0\0"..., 840, 64) = 840
mmap(NULL, 2231696, PROT_READ, MAP_PRIVATE|MAP_DENYWRITE, 3, 0) = 0x71e689e00000
mmap(0x71e689e28000, 1671168, PROT_READ|PROT_EXEC, MAP_PRIVATE|MAP_FIXED|MAP_DENYWRITE, 3, 0x28000) = 0x71e689e28000
mmap(0x71e689fc0000, 319488, PROT_READ, MAP_PRIVATE|MAP_FIXED|MAP_DENYWRITE, 3, 0x1c0000) = 0x71e689fc0000
mmap(0x71e68a00e000, 24576, PROT_READ|PROT_WRITE, MAP_PRIVATE|MAP_FIXED|MAP_DENYWRITE, 3, 0x20d000) = 0x71e68a00e000
mmap(0x71e68a014000, 52624, PROT_READ|PROT_WRITE, MAP_PRIVATE|MAP_FIXED|MAP_ANONYMOUS, -1, 0) = 0x71e68a014000
close(3)                                = 0
mmap(NULL, 12288, PROT_READ|PROT_WRITE, MAP_PRIVATE|MAP_ANONYMOUS, -1, 0) = 0x71e68a0a8000
arch_prctl(ARCH_SET_FS, 0x71e68a0a8740) = 0
set_tid_address(0x71e68a0a8d68)         = 24155
set_robust_list(0x71e68a0a8a20, 24)     = 0
rseq(0x71e68a0a8680, 0x21, 0, 0x53053053) = 0
mprotect(0x71e68a00e000, 16384, PROT_READ) = 0
mprotect(0x6135faddf000, 4096, PROT_READ) = 0
mprotect(0x71e68a104000, 8192, PROT_READ) = 0
prlimit64(0, RLIMIT_STACK, NULL, {rlim_cur=8192*1024, rlim_max=RLIM64_INFINITY}) = 0
getrandom("\x60\x76\x12\x88\xd3\xe5\x41\xa4", 8, GRND_NONBLOCK) = 8
munmap(0x71e68a0ab000, 81847)           = 0
newfstatat(AT_FDCWD, "/dev/null", {st_mode=S_IFCHR|0666, st_rdev=makedev(0x1, 0x3), ...}, 0) = 0
exit_group(0)                           = ?
+++ exited with 0 +++
