execve("portfolio_audit/bin/t08_getpid", ["portfolio_audit/bin/t08_getpid"], 0x7fffdc380990) = 0x0
brk(0x0) = 0x5f2b6055f000
mmap(0x0, 0x2000, 0x3, 0x22, -1, 0x0) = 0x7459d1bc5000
access("/etc/ld.so.preload", 4) = -1 No such file or directory
openat(-100, "/etc/ld.so.cache", 0x80000, 0) = 0x3
newfstat(3, 0x7ffc40d352e0) = 0x0
mmap(0x0, 0x13fb7, 0x1, 0x2, 3, 0x0) = 0x7459d1bb1000
close(3) = 0x0
openat(-100, "/usr/lib/x86_64-linux-gnu/libc.so.6", 0x80000, 0) = 0x3
read(3, "\0\0\0\0\0\0\0\0\0\0\0\0\0\0\0\0\0\0\0\0\0\0\0\0\0\0\0\0\0\0\0"..., 832) = 0x340
pread64(3, "\0\0\0\0\0\0\0\0\0\0\0\0\0\0\0\0\0\0\0\0\0\0\0\0\0\0\0\0\0\0\0"..., 840, 64) = 0x348
newfstat(3, 0x7ffc40d35380) = 0x0
pread64(3, "\0\0\0\0\0\0\0\0\0\0\0\0\0\0\0\0\0\0\0\0\0\0\0\0\0\0\0\0\0\0\0"..., 840, 64) = 0x348
mmap(0x0, 0x220d90, 0x1, 0x802, 3, 0x0) = 0x7459d1800000
mmap(0x7459d1828000, 0x198000, 0x5, 0x812, 3, 0x28000) = 0x7459d1828000
mmap(0x7459d19c0000, 0x4e000, 0x1, 0x812, 3, 0x1c0000) = 0x7459d19c0000
mmap(0x7459d1a0e000, 0x6000, 0x3, 0x812, 3, 0x20d000) = 0x7459d1a0e000
mmap(0x7459d1a14000, 0xcd90, 0x3, 0x32, -1, 0x0) = 0x7459d1a14000
close(3) = 0x0
mmap(0x0, 0x3000, 0x3, 0x22, -1, 0x0) = 0x7459d1bae000
arch_prctl(4098, 0x7459d1bae740) = 0x0
set_tid_address(0x7459d1baed68) = 0x5e62
set_robust_list(0x7459d1baea20, 24) = 0x0
rseq(0x7459d1bae680, 33, 0x0, 0x53053053) = 0x0
mprotect(0x7459d1a0e000, 16384, 0x1) = 0x0
mprotect(0x5f2b47fbe000, 4096, 0x1) = 0x0
mprotect(0x7459d1c0a000, 8192, 0x1) = 0x0
prlimit64(0, 3, 0x0, 0x7ffc40d35eb0) = 0x0
getrandom("\0\0\0\0\0\0\0\0", 8, 0x1) = 0x8
munmap(0x7459d1bb1000, 81847) = 0x0
getpid() = 0x5e62
exit_group(0) = ?
+++ exited with 0 +++
